Connected to DB
Found invoice: 6994aea5e5c57bc3ba4a4898 - INV-001 with status Pending Finance Review
Calling API...
API Response: {
  "error": "Invoice not found"
}
--- Post-Approval DB State ---
Status: Pending Finance Review
Finance Approval: {"status":"PENDING"}
